Neighbor info at step 0: radial(max=33,actual=26), angular(max=33,actual=25).
Neighbor info at step 0: radial(max=33,actual=26), angular(max=33,actual=25).
Neighbor info at step 0: radial(max=33,actual=26), angular(max=33,actual=25).
Neighbor info at step 0: radial(max=33,actual=26), angular(max=33,actual=25).
Neighbor info at step 0: radial(max=33,actual=26), angular(max=33,actual=25).
Neighbor info at step 0: radial(max=33,actual=26), angular(max=33,actual=25).
Neighbor info at step 0: radial(max=33,actual=26), angular(max=33,actual=25).
Neighbor info at step 0: radial(max=33,actual=26), angular(max=33,actual=25).
Neighbor info at step 0: radial(max=33,actual=26), angular(max=33,actual=25).
Neighbor info at step 0: radial(max=33,actual=26), angular(max=33,actual=25).
Neighbor info at step 0: radial(max=33,actual=26), angular(max=33,actual=25).
Neighbor info at step 0: radial(max=33,actual=26), angular(max=33,actual=25).
Neighbor info at step 0: radial(max=33,actual=26), angular(max=33,actual=25).
Neighbor info at step 0: radial(max=33,actual=26), angular(max=33,actual=25).
Neighbor info at step 0: radial(max=33,actual=26), angular(max=33,actual=25).
Neighbor info at step 0: radial(max=33,actual=26), angular(max=33,actual=25).
Neighbor info at step 0: radial(max=33,actual=26), angular(max=33,actual=25).
Neighbor info at step 0: radial(max=33,actual=26), angular(max=33,actual=25).
Neighbor info at step 0: radial(max=33,actual=26), angular(max=33,actual=25).
Neighbor info at step 0: radial(max=33,actual=26), angular(max=33,actual=25).
Neighbor info at step 0: radial(max=33,actual=26), angular(max=33,actual=25).
Neighbor info at step 0: radial(max=33,actual=26), angular(max=33,actual=25).
Neighbor info at step 0: radial(max=33,actual=26), angular(max=33,actual=25).
Neighbor info at step 0: radial(max=33,actual=26), angular(max=33,actual=25).
Neighbor info at step 0: radial(max=33,actual=26), angular(max=33,actual=25).
Neighbor info at step 0: radial(max=33,actual=26), angular(max=33,actual=25).
Neighbor info at step 0: radial(max=33,actual=26), angular(max=33,actual=25).
Neighbor info at step 0: radial(max=33,actual=26), angular(max=33,actual=25).
Neighbor info at step 0: radial(max=33,actual=26), angular(max=33,actual=25).
Neighbor info at step 0: radial(max=33,actual=26), angular(max=33,actual=25).
Neighbor info at step 0: radial(max=33,actual=26), angular(max=33,actual=25).
Neighbor info at step 0: radial(max=33,actual=26), angular(max=33,actual=25).
Neighbor info at step 0: radial(max=33,actual=26), angular(max=33,actual=25).
Neighbor info at step 0: radial(max=33,actual=26), angular(max=33,actual=25).
Neighbor info at step 0: radial(max=33,actual=26), angular(max=33,actual=25).
Neighbor info at step 0: radial(max=33,actual=26), angular(max=33,actual=25).
Neighbor info at step 0: radial(max=33,actual=26), angular(max=33,actual=25).
Neighbor info at step 0: radial(max=33,actual=26), angular(max=33,actual=25).
Neighbor info at step 0: radial(max=33,actual=26), angular(max=33,actual=25).
Neighbor info at step 0: radial(max=33,actual=26), angular(max=33,actual=25).
Neighbor info at step 0: radial(max=33,actual=26), angular(max=33,actual=25).
Neighbor info at step 0: radial(max=33,actual=26), angular(max=33,actual=25).
Neighbor info at step 0: radial(max=33,actual=26), angular(max=33,actual=25).
Neighbor info at step 0: radial(max=33,actual=26), angular(max=33,actual=25).
Neighbor info at step 0: radial(max=33,actual=26), angular(max=33,actual=25).
Neighbor info at step 0: radial(max=33,actual=26), angular(max=33,actual=25).
Neighbor info at step 0: radial(max=33,actual=26), angular(max=33,actual=25).
Neighbor info at step 0: radial(max=33,actual=26), angular(max=33,actual=25).
Neighbor info at step 0: radial(max=33,actual=26), angular(max=33,actual=25).
Neighbor info at step 0: radial(max=33,actual=26), angular(max=33,actual=25).
Neighbor info at step 0: radial(max=33,actual=26), angular(max=33,actual=25).
Neighbor info at step 0: radial(max=33,actual=26), angular(max=33,actual=25).
Neighbor info at step 0: radial(max=33,actual=26), angular(max=33,actual=25).
Neighbor info at step 0: radial(max=33,actual=26), angular(max=33,actual=25).
Neighbor info at step 0: radial(max=33,actual=26), angular(max=33,actual=25).
Neighbor info at step 0: radial(max=33,actual=26), angular(max=33,actual=25).
Neighbor info at step 0: radial(max=33,actual=26), angular(max=33,actual=25).
